// Vitest Snapshot v1, https://vitest.dev/guide/snapshot.html

exports[`<SectionContainer /> > should render content 1`] = `
.c0 {
  max-width: 75rem;
  margin: 0 auto;
  padding: 2rem;
}

<div>
  <div
    class="c0"
  >
    <h1>
      children
    </h1>
  </div>
</div>
`;
