// Vitest Snapshot v1, https://vitest.dev/guide/snapshot.html

exports[`<LogoLink /> > shoudl match snapshot 1`] = `
.c1 {
  display: -webkit-box;
  display: -webkit-flex;
  display: -ms-flexbox;
  display: flex;
  -webkit-align-items: center;
  -webkit-box-align: center;
  -ms-flex-align: center;
  align-items: center;
  -webkit-text-decoration: none;
  text-decoration: none;
  color: inherit;
}

.c1 > img {
  max-height: 1.875rem;
}

.c0 {
  color: #0a1128;
  font-size: 1.5rem;
  text-transform: uppercase;
}

<h1
  class="c0"
>
  <a
    class="c1"
    href="#target"
  >
    <img
      alt="Hello World"
      src="image.jpg"
    />
  </a>
</h1>
`;
