// Vitest Snapshot v1, https://vitest.dev/guide/snapshot.html

exports[`<GridTwoColumn /> > should render two column grid 1`] = `
.c5 {
  color: #0a1128;
  font-size: 4rem;
  text-transform: uppercase;
}

.c0 {
  background-color: #fff;
  color: #0a1128;
  min-height: 100vh;
  display: -webkit-box;
  display: -webkit-flex;
  display: -ms-flexbox;
  display: flex;
  -webkit-align-items: center;
  -webkit-box-align: center;
  -ms-flex-align: center;
  align-items: center;
}

.c1 {
  max-width: 75rem;
  margin: 0 auto;
  padding: 2rem;
}

.c6 {
  font-size: 1.5rem;
}

.c2 {
  display: grid;
  grid-template-columns: 1fr 2fr;
  -webkit-align-items: center;
  -webkit-box-align: center;
  -ms-flex-align: center;
  align-items: center;
  gap: 2rem;
}

.c2 .c4 {
  margin-bottom: 2rem;
}

@media (max-width:768px) {
  .c5 {
    font-size: 2.5rem;
  }
}

@media (max-width:768px) {
  .c2 {
    grid-template-columns: 1fr;
  }
}

@media (max-width:768px) {
  .c3 {
    margin-bottom: 2rem;
    text-align: center;
  }
}

<div>
  <div
    class="c0"
  >
    <div
      class="c1"
    >
      <div
        class="c2"
      >
        <div
          class="c3"
        >
          <h1
            class="c4 c5"
          >
            Grid two columns
          </h1>
          <p
            class="c6"
          >
            Lorem ipsum dolor sit amet consectetur adipisicing elit.
  Quisquam magnam cum doloribus ratione possimus dolores ipsa?
  Velit, aperiam voluptatibus repudiandae molestias obcaecati
  dolore est minima nobis eligendi, quae deserunt quaerat!
          </p>
        </div>
        <div
          class=""
        >
          <img
            alt="Grid two columns"
            class=""
            src="assets/images/javascript.svg"
          />
        </div>
      </div>
    </div>
  </div>
</div>
`;
