// Vitest Snapshot v1, https://vitest.dev/guide/snapshot.html

exports[`<MenuLink /> > should match to snapshot 1`] = `
.c0 {
  display: block;
  -webkit-text-decoration: none;
  text-decoration: none;
  font-size: 1rem;
  padding: 1rem;
  color: #0a1128;
  position: relative;
}

.c0::after {
  content: '';
  position: absolute;
  bottom: 0;
  left: 50%;
  width: 0;
  height: 0.125rem;
  background: #dc143c;
  -webkit-transition: all 0.3s ease-in-out;
  transition: all 0.3s ease-in-out;
}

.c0:hover::after {
  left: 25%;
  width: 50%;
}

<a
  class="c0"
  href=""
  target="_self"
>
  link
</a>
`;
